(base) renato@LU19:~/Documentos/udemy_spark_basics$ pwd
/home/renato/Documentos/udemy_spark_basics
(base) renato@LU19:~/Documentos/udemy_spark_basics$ ls -lh
total 136K
-rw-rw-r-- 1 renato renato  40K mar 29 19:26 24_Spark_DataFrame_Basics.ipynb
-rw-rw-r-- 1 renato renato  33K mar 29 18:06 26_Spark_DataFrame_Basic_Operations.ipynb
-rw-rw-r-- 1 renato renato  13K mar 29 18:07 27_Spark_DataFrame_GroupBy_and_Aggregate_Functions.ipynb
-rw-rw-r-- 1 renato renato  11K mar 29 18:09 28_Spark_DataFrame_Missing_Data.ipynb
-rw-rw-r-- 1 renato renato  13K mar 29 18:09 29_Spark_DataFrame_Dates_Timestamps.ipynb
-rw-rw-r-- 1 renato renato 7,9K fev  4 20:26 Python_Crash_Course_Part_3.ipynb
-rw-rw-r-- 1 renato renato   16 mar 29 18:15 README.md
drwxrwxr-x 3 renato renato 4,0K mar 29 19:21 recursos
(base) renato@LU19:~/Documentos/udemy_spark_basics$ cat README.md 
# Udemy_PySpark
(base) renato@LU19:~/Documentos/udemy_spark_basics$ git status
fatal: not a git repository (or any of the parent directories): .git
(base) renato@LU19:~/Documentos/udemy_spark_basics$ git init
Initialized empty Git repository in /home/renato/Documentos/udemy_spark_basics/.git/
(base) renato@LU19:~/Documentos/udemy_spark_basics$ git status
No ramo master

No commits yet

Arquivos não monitorados:
  (utilize "git add <arquivo>..." para incluir o que será submetido)

        .ipynb_checkpoints/
        24_Spark_DataFrame_Basics.ipynb
        26_Spark_DataFrame_Basic_Operations.ipynb
        27_Spark_DataFrame_GroupBy_and_Aggregate_Functions.ipynb
        28_Spark_DataFrame_Missing_Data.ipynb
        29_Spark_DataFrame_Dates_Timestamps.ipynb
        Python_Crash_Course_Part_3.ipynb
        README.md
        recursos/

nada adicionado ao envio mas arquivos não registrados estão presentes (use "git add" to registrar)
(base) renato@LU19:~/Documentos/udemy_spark_basics$ git add .
(base) renato@LU19:~/Documentos/udemy_spark_basics$ git status
No ramo master

No commits yet

Mudanças a serem submetidas:
  (utilize "git rm --cached <arquivo>..." para não apresentar)

        new file:   .ipynb_checkpoints/24_Spark_DataFrame_Basics-checkpoint.ipynb
        new file:   24_Spark_DataFrame_Basics.ipynb
        new file:   26_Spark_DataFrame_Basic_Operations.ipynb
        new file:   27_Spark_DataFrame_GroupBy_and_Aggregate_Functions.ipynb
        new file:   28_Spark_DataFrame_Missing_Data.ipynb
        new file:   29_Spark_DataFrame_Dates_Timestamps.ipynb
        new file:   Python_Crash_Course_Part_3.ipynb
        new file:   README.md
        new file:   recursos/README.md
        new file:   recursos/Spark_DataFrames/.ipynb_checkpoints/DataFrame_Basic_Operations-checkpoint.ipynb
        new file:   recursos/Spark_DataFrames/.ipynb_checkpoints/DataFrame_Basics-checkpoint.ipynb
        new file:   recursos/Spark_DataFrames/.ipynb_checkpoints/Dates_and_Timestamps-checkpoint.ipynb
        new file:   recursos/Spark_DataFrames/.ipynb_checkpoints/GroupBy_and_Aggregate_Functions-checkpoint.ipynb
        new file:   recursos/Spark_DataFrames/.ipynb_checkpoints/Missing_Data-checkpoint.ipynb
        new file:   recursos/Spark_DataFrames/.ipynb_checkpoints/Spark DataFrames Project Exercise - SOLUTIONS-checkpoint.ipynb                                                                                                                 
        new file:   recursos/Spark_DataFrames/.ipynb_checkpoints/Spark DataFrames Project Exercise-checkpoint.ipynb
        new file:   recursos/Spark_DataFrames/ContainsNull.csv
        new file:   recursos/Spark_DataFrames/DataFrame_Basic_Operations.ipynb
        new file:   recursos/Spark_DataFrames/DataFrame_Basics.ipynb
        new file:   recursos/Spark_DataFrames/Dates_and_Timestamps.ipynb
        new file:   recursos/Spark_DataFrames/GroupBy_and_Aggregate_Functions.ipynb
        new file:   recursos/Spark_DataFrames/Missing_Data.ipynb
        new file:   recursos/Spark_DataFrames/appl_stock.csv
        new file:   recursos/Spark_DataFrames/people.json
        new file:   recursos/Spark_DataFrames/sales_info.csv

(base) renato@LU19:~/Documentos/udemy_spark_basics$ git commit -m "First commit"
[master (root-commit) 97206fb] First commit
 25 files changed, 13674 insertions(+)
 create mode 100644 .ipynb_checkpoints/24_Spark_DataFrame_Basics-checkpoint.ipynb
 create mode 100644 24_Spark_DataFrame_Basics.ipynb
 create mode 100644 26_Spark_DataFrame_Basic_Operations.ipynb
 create mode 100644 27_Spark_DataFrame_GroupBy_and_Aggregate_Functions.ipynb
 create mode 100644 28_Spark_DataFrame_Missing_Data.ipynb
 create mode 100644 29_Spark_DataFrame_Dates_Timestamps.ipynb
 create mode 100644 Python_Crash_Course_Part_3.ipynb
 create mode 100644 README.md
 create mode 100644 recursos/README.md
 create mode 100644 recursos/Spark_DataFrames/.ipynb_checkpoints/DataFrame_Basic_Operations-checkpoint.ipynb
 create mode 100644 recursos/Spark_DataFrames/.ipynb_checkpoints/DataFrame_Basics-checkpoint.ipynb
 create mode 100644 recursos/Spark_DataFrames/.ipynb_checkpoints/Dates_and_Timestamps-checkpoint.ipynb
 create mode 100644 recursos/Spark_DataFrames/.ipynb_checkpoints/GroupBy_and_Aggregate_Functions-checkpoint.ipynb
 create mode 100644 recursos/Spark_DataFrames/.ipynb_checkpoints/Missing_Data-checkpoint.ipynb
 create mode 100644 recursos/Spark_DataFrames/.ipynb_checkpoints/Spark DataFrames Project Exercise - SOLUTIONS-checkpoint.ipynb
 create mode 100644 recursos/Spark_DataFrames/.ipynb_checkpoints/Spark DataFrames Project Exercise-checkpoint.ipynb
 create mode 100644 recursos/Spark_DataFrames/ContainsNull.csv
 create mode 100644 recursos/Spark_DataFrames/DataFrame_Basic_Operations.ipynb
 create mode 100644 recursos/Spark_DataFrames/DataFrame_Basics.ipynb
 create mode 100644 recursos/Spark_DataFrames/Dates_and_Timestamps.ipynb
 create mode 100644 recursos/Spark_DataFrames/GroupBy_and_Aggregate_Functions.ipynb
 create mode 100644 recursos/Spark_DataFrames/Missing_Data.ipynb
 create mode 100644 recursos/Spark_DataFrames/appl_stock.csv
 create mode 100644 recursos/Spark_DataFrames/people.json
 create mode 100644 recursos/Spark_DataFrames/sales_info.csv
(base) renato@LU19:~/Documentos/udemy_spark_basics$ git status
No ramo master
nothing to commit, working tree clean
(base) renato@LU19:~/Documentos/udemy_spark_basics$ git log
commit 97206fbde375f7af570394a8037d6a1d8ee347d5 (HEAD -> master)
Author: Renato Freitas <renatocfreitas@gmail.com>
Date:   Sun Mar 29 20:07:52 2020 -0300

    First commit
(base) renato@LU19:~/Documentos/udemy_spark_basics$ 
(base) renato@LU19:~/Documentos/udemy_spark_basics$ git status
No ramo master
Arquivos não monitorados:
  (utilize "git add <arquivo>..." para incluir o que será submetido)

        Notes.txt

nada adicionado ao envio mas arquivos não registrados estão presentes (use "git add" to registrar)
(base) renato@LU19:~/Documentos/udemy_spark_basics$ git add Notes.txt 
(base) renato@LU19:~/Documentos/udemy_spark_basics$ git status
No ramo master
Mudanças a serem submetidas:
  (use "git reset HEAD <file>..." to unstage)

        new file:   Notes.txt

(base) renato@LU19:~/Documentos/udemy_spark_basics$ git commit -m "Adding Notes.txt"
[master bb5f7c0] Adding Notes.txt
 1 file changed, 110 insertions(+)
 create mode 100644 Notes.txt
(base) renato@LU19:~/Documentos/udemy_spark_basics$ git status
No ramo master
nothing to commit, working tree clean
(base) renato@LU19:~/Documentos/udemy_spark_basics$ 
(base) renato@LU19:~/Documentos/udemy_spark_basics$ git remote add rep_udemy_pyspark_basics https://github.com/renatocfreitas/udemy_pyspark_basics.git
(base) renato@LU19:~/Documentos/udemy_spark_basics$ git remote
rep_udemy_pyspark_basics
(base) renato@LU19:~/Documentos/udemy_spark_basics$ 
(base) renato@LU19:~/Documentos/udemy_spark_basics$ git push rep_udemy_pyspark_basics master
Username for 'https://github.com': renatocfreitas@gmail.com
Password for 'https://renatocfreitas@gmail.com@github.com': 
To https://github.com/renatocfreitas/udemy_pyspark_basics.git
 ! [rejected]        master -> master (non-fast-forward)
error: failed to push some refs to 'https://github.com/renatocfreitas/udemy_pyspark_basics.git'
hint: Updates were rejected because the tip of your current branch is behind                                            
hint: its remote counterpart. Integrate the remote changes (e.g.
hint: 'git pull ...') before pushing again.
hint: See the 'Note about fast-forwards' in 'git push --help' for details.
(base) renato@LU19:~/Documentos/udemy_spark_basics$ git branch -r
  rep_udemy_pyspark_basics/master
(base) renato@LU19:~/Documentos/udemy_spark_basics$ git pull rep_udemy_pyspark_basics master
From https://github.com/renatocfreitas/udemy_pyspark_basics
 * branch            master     -> FETCH_HEAD
fatal: refusing to merge unrelated histories
(base) renato@LU19:~/Documentos/udemy_spark_basics$ git clone rep_udemy_pyspark_basics
fatal: repository 'rep_udemy_pyspark_basics' does not exist
(base) renato@LU19:~/Documentos/udemy_spark_basics$ git pull --allow-unrelated-histories 
There is no tracking information for the current branch.
Please specify which branch you want to merge with.
See git-pull(1) for details.

    git pull <remote> <branch>

If you wish to set tracking information for this branch you can do so with:

    git branch --set-upstream-to=rep_udemy_pyspark_basics/<branch> master

(base) renato@LU19:~/Documentos/udemy_spark_basics$ git pull rep_udemy_pyspark_basics master
From https://github.com/renatocfreitas/udemy_pyspark_basics
 * branch            master     -> FETCH_HEAD
fatal: refusing to merge unrelated histories
(base) renato@LU19:~/Documentos/udemy_spark_basics$ git pull --allow-unrelated-histories 
There is no tracking information for the current branch.
Please specify which branch you want to merge with.
See git-pull(1) for details.

    git pull <remote> <branch>

If you wish to set tracking information for this branch you can do so with:

    git branch --set-upstream-to=rep_udemy_pyspark_basics/<branch> master

(base) renato@LU19:~/Documentos/udemy_spark_basics$ git pull --allow-unrelated-histories rep_udemy_pyspark_basics master
From https://github.com/renatocfreitas/udemy_pyspark_basics
 * branch            master     -> FETCH_HEAD
Mesclagem automática de README.md
CONFLITO (adicionar/adicionar): conflito de mesclagem em README.md
Automatic merge failed; fix conflicts and then commit the result.
(base) renato@LU19:~/Documentos/udemy_spark_basics$ git statsus
git: 'statsus' não é um comando git. Veja 'git --help'.

The most similar command is
        status
(base) renato@LU19:~/Documentos/udemy_spark_basics$ git status
No ramo master
Você tem caminhos não mesclados.
  (fixar conflitos e executar "git commit")
  (use "git merge --abort" to abort the merge)

Caminhos não mesclados:
  (usar "git add <arquivo>..." para marcar resolução)

        ambos adicionaram:   README.md

Changes not staged for commit:
  (utilize "git add <arquivo>..." para atualizar o que será submetido)
  (utilize "git checkout -- <arquivo>..." para descartar mudanças no diretório de trabalho)

        modified:   Notes.txt

nenhuma modificação adicionada à submissão (utilize "git add" e/ou "git commit -a")
(base) renato@LU19:~/Documentos/udemy_spark_basics$ git add Notes.txt 
(base) renato@LU19:~/Documentos/udemy_spark_basics$ git status
No ramo master
Você tem caminhos não mesclados.
  (fixar conflitos e executar "git commit")
  (use "git merge --abort" to abort the merge)

Mudanças a serem submetidas:

        modified:   Notes.txt

Caminhos não mesclados:
  (usar "git add <arquivo>..." para marcar resolução)

        ambos adicionaram:   README.md

(base) renato@LU19:~/Documentos/udemy_spark_basics$ cat README.md 
<<<<<<< HEAD
# Udemy_PySpark
=======
# udemy_pyspark_basics
Udemy Spark and Python for Big Data with PySpark Course - Instructor Jose Portilla
### Install

This project requires:

- [Python 3](https://www.python.org/download/)
- [Pandas](http://pandas.pydata.org/)
- [Jupyter Notebook](https://jupyter.org/)

### Code

Jupyter source code:

- 24_Spark_DataFrame_Basics.ipynb
- 26_Spark_DataFrame_Basic_Operations.ipynb
- 27_Spark_DataFrame_GroupBy_and_Aggregate_Functions.ipynb
- 28_Spark_DataFrame_Missing_Data.ipynb
- 29_Spark_DataFrame_Dates_Timestamps.ipynb

Data sources:

- /recursos/Spark_DataFrames/appl_stock.csv
- /recursos/Spark_DataFrames/ContainsNull.csv
- /recursos/Spark_DataFrames/people.json
- /recursos/Spark_DataFrames/sales_info.csv

### Running projects

Run in the terminal in the directory containing the Jupyter files

```bash
jupyter notebook
```
and then select the ipynb file.
>>>>>>> 912b8f929f6d0b9138ae91293fcc4d381111b950
(base) renato@LU19:~/Documentos/udemy_spark_basics$ git status
No ramo master
Você tem caminhos não mesclados.
  (fixar conflitos e executar "git commit")
  (use "git merge --abort" to abort the merge)

Mudanças a serem submetidas:

        modified:   Notes.txt

Caminhos não mesclados:
  (usar "git add <arquivo>..." para marcar resolução)

        ambos adicionaram:   README.md

(base) renato@LU19:~/Documentos/udemy_spark_basics$ git commit -m "merging README.md" 
U       README.md
error: Committing is not possible because you have unmerged files.
hint: Fix them up in the work tree, and then use 'git add/rm <file>'
hint: as appropriate to mark resolution and make a commit.
fatal: Exiting because of an unresolved conflict.
(base) renato@LU19:~/Documentos/udemy_spark_basics$ git add README.md 
(base) renato@LU19:~/Documentos/udemy_spark_basics$ git status
No ramo master
Todos os conflitos foram corrigidos mas você continua mesclando.
  (use  "git commit" para concluir a mesclagem)

Mudanças a serem submetidas:

        modified:   Notes.txt
        modified:   README.md

(base) renato@LU19:~/Documentos/udemy_spark_basics$ cat README.md 
<<<<<<< HEAD
# Udemy_PySpark
=======
# udemy_pyspark_basics
Udemy Spark and Python for Big Data with PySpark Course - Instructor Jose Portilla
### Install

This project requires:

- [Python 3](https://www.python.org/download/)
- [Pandas](http://pandas.pydata.org/)
- [Jupyter Notebook](https://jupyter.org/)

### Code

Jupyter source code:

- 24_Spark_DataFrame_Basics.ipynb
- 26_Spark_DataFrame_Basic_Operations.ipynb
- 27_Spark_DataFrame_GroupBy_and_Aggregate_Functions.ipynb
- 28_Spark_DataFrame_Missing_Data.ipynb
- 29_Spark_DataFrame_Dates_Timestamps.ipynb

Data sources:

- /recursos/Spark_DataFrames/appl_stock.csv
- /recursos/Spark_DataFrames/ContainsNull.csv
- /recursos/Spark_DataFrames/people.json
- /recursos/Spark_DataFrames/sales_info.csv

### Running projects

Run in the terminal in the directory containing the Jupyter files

```bash
jupyter notebook
```
and then select the ipynb file.
>>>>>>> 912b8f929f6d0b9138ae91293fcc4d381111b950
(base) renato@LU19:~/Documentos/udemy_spark_basics$ git status
No ramo master
Todos os conflitos foram corrigidos mas você continua mesclando.
  (use  "git commit" para concluir a mesclagem)

Mudanças a serem submetidas:

        modified:   Notes.txt
        modified:   README.md

(base) renato@LU19:~/Documentos/udemy_spark_basics$ git commit -m "README.md from github" 
[master 0de2524] README.md from github
(base) renato@LU19:~/Documentos/udemy_spark_basics$ git statsu
git: 'statsu' não é um comando git. Veja 'git --help'.

The most similar command is
        status
(base) renato@LU19:~/Documentos/udemy_spark_basics$ git status
No ramo master
nothing to commit, working tree clean
(base) renato@LU19:~/Documentos/udemy_spark_basics$ git push rep_udemy_pyspark_basics master
Username for 'https://github.com': renatocfreitas@gmail.com
Password for 'https://renatocfreitas@gmail.com@github.com': 
Enumerating objects: 35, done.
Counting objects: 100% (35/35), done.
Delta compression using up to 2 threads
Compressing objects: 100% (32/32), done.
Writing objects: 100% (33/33), 83.10 KiB | 5.54 MiB/s, done.
Total 33 (delta 15), reused 0 (delta 0)
remote: Resolving deltas: 100% (15/15), completed with 1 local object.
To https://github.com/renatocfreitas/udemy_pyspark_basics.git
   912b8f9..0de2524  master -> master
(base) renato@LU19:~/Documentos/udemy_spark_basics$ 
